{
    "id": "__FORMAT_VALIDATED__",
    "email": "asta.staria@client.com",
    "password": "__FORMAT_VALIDATED__",
    "firstName": "Asta",
    "lastName": "Staria",
    "createdAt": "__FORMAT_VALIDATED__",
    "updatedAt": "__FORMAT_VALIDATED__",
    "deletedAt": null,
    "context": {
        "contactNumber": {
            "number": "9954585215"
        }
    }
}
