[
    {
        "id": "__FORMAT_VALIDATED__",
        "email": "kevin@iplanitrite.com",
        "firstName": "Kevin",
        "lastName": "Cotongco",
        "createdBy": null,
        "updatedBy": null,
        "createdAt": "__FORMAT_VALIDATED__",
        "updatedAt": "__FORMAT_VALIDATED__",
        "deletedAt": null
    },
    {
        "id": "__FORMAT_VALIDATED__",
        "email": "andrew@iplanitrite.com",
        "firstName": "Andrew",
        "lastName": "Llorera",
        "createdBy": "__FORMAT_VALIDATED__",
        "updatedBy": "__FORMAT_VALIDATED__",
        "createdAt": "__FORMAT_VALIDATED__",
        "updatedAt": "__FORMAT_VALIDATED__",
        "deletedAt": null
    },
    {
        "id": "__FORMAT_VALIDATED__",
        "email": "ellaine@iplanitrite.com",
        "firstName": "Ellaine",
        "lastName": "Almira",
        "createdBy": "__FORMAT_VALIDATED__",
        "updatedBy": "__FORMAT_VALIDATED__",
        "createdAt": "__FORMAT_VALIDATED__",
        "updatedAt": "__FORMAT_VALIDATED__",
        "deletedAt": null
    },
    {
        "id": "__FORMAT_VALIDATED__",
        "email": "jace@iplanitrite.com",
        "firstName": "Joy",
        "lastName": "Basa",
        "createdBy": "__FORMAT_VALIDATED__",
        "updatedBy": "__FORMAT_VALIDATED__",
        "createdAt": "__FORMAT_VALIDATED__",
        "updatedAt": "__FORMAT_VALIDATED__",
        "deletedAt": null
    }
]
