{
    "id": "__FORMAT_VALIDATED__",
    "email": "abcd@iplanitrite.com",
    "firstName": "AB",
    "lastName": "CD",
    "createdBy": "__FORMAT_VALIDATED__",
    "updatedBy": "__FORMAT_VALIDATED__",
    "createdAt": "__FORMAT_VALIDATED__",
    "updatedAt": "__FORMAT_VALIDATED__",
    "deletedAt": null
}
