{
    "id": "__FORMAT_VALIDATED__",
    "email": "sasuke.uchiha@ems.com",
    "firstName": "Sasuke",
    "lastName": "Uchiha",
    "createdBy": "__FORMAT_VALIDATED__",
    "updatedBy": "__FORMAT_VALIDATED__",
    "createdAt": "__FORMAT_VALIDATED__",
    "updatedAt": "__FORMAT_VALIDATED__",
    "deletedAt": null
}
