{
    "id": "__FORMAT_VALIDATED__",
    "email": "naruto.uzumaki@ems.com",
    "firstName": "Naruto",
    "lastName": "Uzumaki",
    "createdBy": null,
    "updatedBy": null,
    "createdAt": "__FORMAT_VALIDATED__",
    "updatedAt": "__FORMAT_VALIDATED__",
    "deletedAt": null
}
