{
    "id": "__FORMAT_VALIDATED__",
    "name": "Two Piece",
    "description": "Sample Update Description",
    "maxStaff": 10,
    "createdBy": "__FORMAT_VALIDATED__",
    "updatedBy": "__FORMAT_VALIDATED__",
    "createdAt": null,
    "updatedAt": null,
    "deletedAt": null
}
