{
    "id": "__FORMAT_VALIDATED__",
    "email": "kevin@iplanitrite.com",
    "firstName": "Kevin",
    "lastName": "Cotongco",
    "createdBy": null,
    "updatedBy": null,
    "createdAt": "__FORMAT_VALIDATED__",
    "updatedAt": "__FORMAT_VALIDATED__",
    "deletedAt": null
}
