{
    "id": "__FORMAT_VALIDATED__",
    "email": "hinata.hyuga@ems.com",
    "firstName": "Hinata",
    "lastName": "Hyuga",
    "createdBy": "__FORMAT_VALIDATED__",
    "updatedBy": "__FORMAT_VALIDATED__",
    "createdAt": "__FORMAT_VALIDATED__",
    "updatedAt": "__FORMAT_VALIDATED__",
    "deletedAt": null
}
