{
    "id": "__FORMAT_VALIDATED__",
    "name": "Supplier Test 1",
    "description": "Supplier Test 1 Description",
    "subscriptionTier": "STANDARD",
    "createdBy": "__FORMAT_VALIDATED__",
    "updatedBy": "__FORMAT_VALIDATED__",
    "createdAt": null,
    "updatedAt": null,
    "deletedAt": null
}
