{
    "id": "__FORMAT_VALIDATED__",
    "name": "Two Piece",
    "description": "Sample Update Description",
    "subscriptionTier": "PREMIUM",
    "createdBy": "__FORMAT_VALIDATED__",
    "updatedBy": "__FORMAT_VALIDATED__",
    "createdAt": "__FORMAT_VALIDATED__",
    "updatedAt": "__FORMAT_VALIDATED__",
    "deletedAt": null
}
