{
    "id": "__FORMAT_VALIDATED__",
    "name": "One Piece",
    "description": null,
    "maxStaff": 10,
    "createdBy": "__FORMAT_VALIDATED__",
    "updatedBy": "__FORMAT_VALIDATED__",
    "createdAt": null,
    "updatedAt": null,
    "deletedAt": null
}
