[
    {
        "id": "__FORMAT_VALIDATED__",
        "name": "One Piece",
        "description": null,
        "subscriptionTier": "STANDARD",
        "createdBy": "__FORMAT_VALIDATED__",
        "updatedBy": "__FORMAT_VALIDATED__",
        "createdAt": "__FORMAT_VALIDATED__",
        "updatedAt": "__FORMAT_VALIDATED__",
        "deletedAt": null
    },
    {
        "id": "__FORMAT_VALIDATED__",
        "name": "Solo Leveling",
        "description": null,
        "subscriptionTier": "BASIC",
        "createdBy": "__FORMAT_VALIDATED__",
        "updatedBy": "__FORMAT_VALIDATED__",
        "createdAt": "__FORMAT_VALIDATED__",
        "updatedAt": "__FORMAT_VALIDATED__",
        "deletedAt": null
    }
]
